<html>
<body>
<pre>
<h1>礦ision Build Log</h1>
<h2>Project:</h2>
D:\四轴\我的微四轴\CODE\夜煞二代\TEST_REMOTE\PROJECT\TEST.uvproj
Project File Date:  07/25/2015

<h2>Output:</h2>
Build target 'TEST'
compiling NRF24L01.c...
..\BSP\LED.h(16): warning:  #1295-D: Deprecated declaration LED_INIT - give arg types
  void LED_INIT();
..\BSP\LED.h(17): warning:  #1295-D: Deprecated declaration LED1_LIGHT - give arg types
  void LED1_LIGHT();
..\BSP\LED.h(18): warning:  #1295-D: Deprecated declaration LED1_DOWN - give arg types
  void LED1_DOWN();
..\BSP\LED.h(19): warning:  #1295-D: Deprecated declaration LED2_LIGHT - give arg types
  void LED2_LIGHT();
..\BSP\LED.h(20): warning:  #1295-D: Deprecated declaration LED2_DOWN - give arg types
  void LED2_DOWN();
..\BSP\LED.h(21): warning:  #1295-D: Deprecated declaration LED3_LIGHT - give arg types
  void LED3_LIGHT();
..\BSP\LED.h(22): warning:  #1295-D: Deprecated declaration LED3_DOWN - give arg types
  void LED3_DOWN();
..\BSP\LED.h(23): warning:  #1295-D: Deprecated declaration LED1_FLASH - give arg types
  void LED1_FLASH();
..\BSP\LED.h(24): warning:  #1295-D: Deprecated declaration LED2_FLASH - give arg types
  void LED2_FLASH();
..\BSP\LED.h(25): warning:  #1295-D: Deprecated declaration LED3_FLASH - give arg types
  void LED3_FLASH();
..\BSP\LED.h(26): warning:  #1295-D: Deprecated declaration LED_ALLOFF - give arg types
  void LED_ALLOFF();
..\BSP\LED.h(32): warning:  #1-D: last line of file ends without a newline
   #endif
..\BSP\DTLOAD.h(14): warning:  #1295-D: Deprecated declaration Get_AD - give arg types
  void Get_AD();
..\BSP\NRF24L01.c: 13 warnings, 0 errors
linking...
Program Size: Code=11702 RO-data=278 RW-data=88 ZI-data=1784  
FromELF: creating hex file...
".\TEST.axf" - 0 Error(s), 13 Warning(s).
</pre>
</body>
</html>
